\BOOKMARK [1][-]{section.1}{\376\377\137\025\212\000}{}% 1
\BOOKMARK [1][-]{section.2}{\376\377\225\356\230\230\122\006\147\220}{}% 2
\BOOKMARK [1][-]{section.3}{\376\377\152\041\127\213\120\107\213\276}{}% 3
\BOOKMARK [2][-]{subsection.3.1}{\376\377\121\163\116\216\152\041\127\213\176\323\147\204\166\204\127\372\147\054\120\107\213\276}{section.3}% 4
\BOOKMARK [2][-]{subsection.3.2}{\376\377\121\163\116\216\123\302\145\160\176\323\147\204\116\016\123\326\120\074\166\204\120\107\213\276}{section.3}% 5
\BOOKMARK [2][-]{subsection.3.3}{\376\377\121\163\116\216\145\160\143\156\116\016\172\172\225\364\166\204\120\107\213\276}{section.3}% 6
\BOOKMARK [1][-]{section.4}{\376\377\173\046\123\367\213\364\146\016}{}% 7
\BOOKMARK [1][-]{section.5}{\376\377\152\041\127\213\136\372\172\313\116\016\154\102\211\343}{}% 8
\BOOKMARK [2][-]{subsection.5.1}{\376\377\225\356\230\230\116\000\377\032\127\372\170\100\122\250\140\001\152\041\127\213}{section.5}% 9
\BOOKMARK [3][-]{subsubsection.5.1.1}{\376\377\152\041\127\213\136\372\172\313}{subsection.5.1}% 10
\BOOKMARK [3][-]{subsubsection.5.1.2}{\376\377\123\302\145\160}{subsection.5.1}% 11
\BOOKMARK [3][-]{subsubsection.5.1.3}{\376\377\152\041\127\213\213\304\117\060}{subsection.5.1}% 12
\BOOKMARK [3][-]{subsubsection.5.1.4}{\376\377\152\041\127\213\176\323\147\234\122\006\147\220}{subsection.5.1}% 13
\BOOKMARK [2][-]{subsection.5.2}{\376\377\225\356\230\230\116\214\377\032\137\025\121\145\117\303\217\333\116\016\142\221\122\066\117\134\165\050\166\204\145\071\217\333\152\041\127\213}{section.5}% 14
\BOOKMARK [3][-]{subsubsection.5.2.1}{\376\377\152\041\127\213\136\372\172\313}{subsection.5.2}% 15
\BOOKMARK [3][-]{subsubsection.5.2.2}{\376\377\150\007\121\306\000\040\000L\000o\000g\000i\000s\000t\000i\000c\000\040\210\150\217\276\137\017}{subsection.5.2}% 16
\BOOKMARK [3][-]{subsubsection.5.2.3}{\376\377\123\302\145\160}{subsection.5.2}% 17
\BOOKMARK [3][-]{subsubsection.5.2.4}{\376\377\213\241\173\227}{subsection.5.2}% 18
\BOOKMARK [3][-]{subsubsection.5.2.5}{\376\377\230\204\155\113}{subsection.5.2}% 19
\BOOKMARK [2][-]{subsection.5.3}{\376\377\225\356\230\230\116\011\377\032\136\163\210\141\160\271\116\016\172\063\133\232\140\047\122\006\147\220}{section.5}% 20
\BOOKMARK [3][-]{subsubsection.5.3.1}{\376\377\152\041\127\213\116\016\162\151\164\006\133\232\116\111\127\337}{subsection.5.3}% 21
\BOOKMARK [3][-]{subsubsection.5.3.2}{\376\377\136\163\210\141\160\271\154\102\211\343\116\016\162\151\164\006\211\343\221\312}{subsection.5.3}% 22
\BOOKMARK [3][-]{subsubsection.5.3.3}{\376\377\166\370\176\277\122\006\147\220\116\016\133\232\140\047\172\063\133\232\140\047}{subsection.5.3}% 23
\BOOKMARK [3][-]{subsubsection.5.3.4}{\376\377\176\277\140\047\172\063\133\232\140\047\122\006\147\220\377\032\133\232\221\317\145\066\145\133\122\073\165\073}{subsection.5.3}% 24
\BOOKMARK [3][-]{subsubsection.5.3.5}{\376\377\176\323\147\204\172\063\133\232\140\047\377\032\123\302\145\160\172\172\225\364\121\205\166\204\122\006\134\224\122\006\147\220}{subsection.5.3}% 25
\BOOKMARK [3][-]{subsubsection.5.3.6}{\376\377\133\236\165\050\133\211\121\150\217\271\165\114}{subsection.5.3}% 26
\BOOKMARK [3][-]{subsubsection.5.3.7}{\376\377\123\302\145\160\211\343\200\046\116\016\162\354\172\313\214\003\143\247}{subsection.5.3}% 27
\BOOKMARK [2][-]{subsection.5.4}{\376\377\225\356\230\230\126\333\377\032\123\302\145\160\160\165\145\117\136\246\122\006\147\220}{section.5}% 28
\BOOKMARK [3][-]{subsubsection.5.4.1}{\376\377\225\356\230\230\200\314\146\157\116\016\122\006\147\220\166\356\150\007}{subsection.5.4}% 29
\BOOKMARK [3][-]{subsubsection.5.4.2}{\376\377\145\271\154\325}{subsection.5.4}% 30
\BOOKMARK [3][-]{subsubsection.5.4.3}{\376\377\142\160\122\250\176\323\147\234\116\016\145\160\143\156\211\343\213\373}{subsection.5.4}% 31
\BOOKMARK [3][-]{subsubsection.5.4.4}{\376\377\160\165\145\117\136\246\143\222\136\217\116\016\123\302\145\160\173\111\176\247}{subsection.5.4}% 32
\BOOKMARK [3][-]{subsubsection.5.4.5}{\376\377\211\343\147\220\137\071\140\047\154\107\140\073}{subsection.5.4}% 33
\BOOKMARK [3][-]{subsubsection.5.4.6}{\376\377\230\204\155\113\123\005\176\334\176\277\122\006\147\220}{subsection.5.4}% 34
\BOOKMARK [3][-]{subsubsection.5.4.7}{\376\377\000O\000A\000T\000\040\145\271\154\325\166\204\134\100\226\120\140\047\116\016\210\145\121\105\213\250\213\272}{subsection.5.4}% 35
\BOOKMARK [3][-]{subsubsection.5.4.8}{\376\377\116\016\000\040\225\356\230\230\116\011\000\040\172\063\133\232\140\047\176\323\213\272\166\204\200\124\124\010\122\006\147\220}{subsection.5.4}% 36
\BOOKMARK [3][-]{subsubsection.5.4.9}{\376\377\121\163\225\056\176\323\213\272\116\016\225\177\145\110\214\003\143\247\173\126\165\145}{subsection.5.4}% 37
\BOOKMARK [1][-]{section.6}{\376\377\152\041\127\213\213\304\116\367\116\016\145\071\217\333}{}% 38
\BOOKMARK [2][-]{subsection.6.1}{\376\377\152\041\127\213\117\030\160\271}{section.6}% 39
\BOOKMARK [2][-]{subsection.6.2}{\376\377\152\041\127\213\116\015\215\263\116\016\145\071\217\333\145\271\124\021}{section.6}% 40
\BOOKMARK [2][-]{subsection.6.3}{\376\377\152\041\127\213\220\002\165\050\140\047\213\364\146\016}{section.6}% 41
\BOOKMARK [1][-]{section.7}{\376\377\176\323\213\272}{}% 42
\BOOKMARK [1][-]{appendix.A}{\376\377\000A\000I\217\205\122\251\135\345\121\167\117\177\165\050\213\364\146\016}{}% 43
\BOOKMARK [2][-]{subsection.A.1}{\376\377\135\345\121\167\220\011\165\050\151\202\121\265}{appendix.A}% 44
\BOOKMARK [2][-]{subsection.A.2}{\376\377\117\177\165\050\217\271\165\114\116\016\211\304\203\003\213\364\146\016}{appendix.A}% 45
\BOOKMARK [1][-]{appendix.B}{\376\377\000P\000y\000t\000h\000o\000n\156\220\116\343\170\001}{}% 46
